[blondon.github.io/index.html]
[blondon.github.io/js/mathjax-config.js]
[cdnjs.cloudflare.com/ajax/libs/academicons/1.8.6/css/academicons.min.css]
[cdnjs.cloudflare.com/ajax/libs/font-awesome/5.11.2/css/all.min.css]
[cdnjs.cloudflare.com/ajax/libs/fancybox/3.5.7/jquery.fancybox.min.css]
[cdnjs.cloudflare.com/ajax/libs/highlight.js/9.15.10/styles/github.min.css]
[cdnjs.cloudflare.com/ajax/libs/highlight.js/9.15.10/styles/dracula.min.css]
[cdnjs.cloudflare.com/ajax/libs/leaflet/1.5.1/leaflet.css]
[cdnjs.cloudflare.com/ajax/libs/lazysizes/5.1.2/lazysizes.min.js]
[cdn.jsdelivr.net/npm/mathjax@3/es5/tex-chtml.js]
[blondon.github.io/css/academic.css]
[blondon.github.io/index.xml]
[blondon.github.io/index.webmanifest]
[blondon.github.io/images/icon_hu0b7a4cb9992c9ac0e91bd28ffd38dd00_9727_32x32_fill_lanczos_center_2.png]
[blondon.github.io/images/icon_hu0b7a4cb9992c9ac0e91bd28ffd38dd00_9727_192x192_fill_lanczos_center_2.png]
[blondon.github.io/files/ben_london_cv.pdf]
[blondon.github.io/authors/admin/avatar_hu84e8b1f10baa28da1ba6df602e2eed29_647142_250x250_fill_q90_lanczos_center.jpg]
[blondon.github.io/papers/london-icml19.pdf]
[blondon.github.io/papers/meshi-jmlr19.pdf]
[blondon.github.io/papers/london-nips17.pdf]
[blondon.github.io/post/neurips_2020/index.html]
[blondon.github.io/post/icml_ijcai_2020/index.html]
[blondon.github.io/post/mlwg_workshop/index.html]
[blondon.github.io/papers/london-jmlr16.14.delayed]
[blondon.github.io/publication/london-icml-19/index.html]
[blondon.github.io/authors/ben-london/index.html]
[blondon.github.io/authors/ted-sandler/index.html]
[cdnjs.cloudflare.com/ajax/libs/jquery/3.4.1/jquery.min.js]
[cdnjs.cloudflare.com/ajax/libs/jquery.imagesloaded/4.1.4/imagesloaded.pkgd.min.js]
[cdnjs.cloudflare.com/ajax/libs/jquery.isotope/3.0.6/isotope.pkgd.min.js]
[blondon.github.io/publication/meshi-jmlr-19/index.html]
[blondon.github.io/authors/ofer-meshi/index.html]
[cdnjs.cloudflare.com/ajax/libs/fancybox/3.5.7/jquery.fancybox.min.js]
[cdnjs.cloudflare.com/ajax/libs/highlight.js/9.15.10/highlight.min.js]
[cdnjs.cloudflare.com/ajax/libs/highlight.js/9.15.10/languages/r.min.js]
[cdnjs.cloudflare.com/ajax/libs/leaflet/1.5.1/leaflet.js]
[blondon.github.io/authors/david-weller/index.html]
[cdnjs.cloudflare.com/ajax/libs/fuse.js/3.2.1/fuse.min.js]
[cdnjs.cloudflare.com/ajax/libs/mark.js/8.11.1/jquery.mark.min.js]
[blondon.github.io/index.html]
[blondon.github.io/js/academic.min.a0d331bcd05dbe8b31e244f796710f08.js]
[blondon.github.io/authors/david-sontag/index.html]
[blondon.github.io/publication/london-nips-17/index.html]
[blondon.github.io/publication/london-jmlr-16/index.html]
[blondon.github.io/authors/bert-huang/index.html]
[blondon.github.io/authors/lise-getoor/index.html]
[blondon.github.io/publication/index.html]
[fonts.googleapis.com/csscd0a.css]
[blondon.github.io/post/neurips_2020/index.html]
[blondon.github.io/post/icml_ijcai_2020/index.html]
[blondon.github.io/post/mlwg_workshop/index.html]
[blondon.github.io/publication/london-icml-19/index.html]
[blondon.github.io/authors/ben-london/index.xml]
[blondon.github.io/authors/ben-london/index.html]
[blondon.github.io/authors/ted-sandler/index.xml]
[blondon.github.io/authors/ted-sandler/index.html]
[blondon.github.io/publication/meshi-jmlr-19/index.html]
[blondon.github.io/publication/london-causalml-18/index.html]
[blondon.github.io/publication/london-optml-16/index.html]
[blondon.github.io/publication/tomkins-recsys-18/index.html]
[blondon.github.io/publication/london-optopt-16/index.html]
[blondon.github.io/publication/london-wat-16/index.html]
[blondon.github.io/authors/ofer-meshi/index.xml]
[blondon.github.io/authors/ofer-meshi/index.html]
[blondon.github.io/publication/pujara-uai-15/index.html]
[blondon.github.io/authors/david-weller/index.xml]
[blondon.github.io/publication/london-thesis-15/index.html]
[blondon.github.io/publication/namata-tkdd-15/index.html]
[blondon.github.io/authors/david-weller/index.html]
[blondon.github.io/publication/pujara-starai-15/index.html]
[blondon.github.io/publication/london-icml-15/index.html]
[blondon.github.io/authors/david-sontag/index.xml]
[blondon.github.io/authors/david-sontag/index.html]
[blondon.github.io/publication/london-nips-17/index.html]
[blondon.github.io/publication/london-jmlr-16/index.html]
[blondon.github.io/publication/london-nips-14-ws/index.html]
[blondon.github.io/publication/london-aistats-14/index.html]
[blondon.github.io/publication/london-sptli-13/index.html]
[blondon.github.io/publication/london-book-13/index.html]
[blondon.github.io/publication/huang-slg-13/index.html]
[blondon.github.io/publication/london-icml-13/index.html]
[blondon.github.io/publication/london-arxiv-13-a/index.html]
[blondon.github.io/publication/bach-uai-13/index.html]
[blondon.github.io/authors/bert-huang/index.xml]
[blondon.github.io/authors/bert-huang/index.html]
[blondon.github.io/publication/london-arxiv-13-b/index.html]
[blondon.github.io/authors/lise-getoor/index.xml]
[blondon.github.io/authors/lise-getoor/index.html]
[blondon.github.io/publication/london-nips-12-asalsn/index.html]
[blondon.github.io/publication/london-nips-13-ws/index.html]
[blondon.github.io/publication/namata-mlg-12-wkshp/index.html]
[blondon.github.io/publication/london-nips-12-spectral/index.html]
[blondon.github.io/tags/pac-bayes/index.html]
[blondon.github.io/publication/pujara-icmlws-11/index.html]
[blondon.github.io/publication/index.xml]
[blondon.github.io/papers/tomkins-recsys18.pdf]
[blondon.github.io/tags/generalization-bounds/index.html]
[blondon.github.io/papers/london-causalml18.pdf]
[blondon.github.io/papers/london-wat16.pdf]
[blondon.github.io/papers/london-optopt16.pdf]
[blondon.github.io/tags/learning-theory/index.html]
[blondon.github.io/papers/london-optml16.pdf]
[blondon.github.io/papers/london-icml15.pdf]
[blondon.github.io/papers/london-thesis.pdf]
[blondon.github.io/tags/structured-prediction/index.html]
[blondon.github.io/papers/namata-tkdd15.pdf]
[blondon.github.io/papers/pujara-uai15.pdf]
[blondon.github.io/papers/london-aistats14.pdf]
[blondon.github.io/papers/london-nips14ws.pdf]
[blondon.github.io/authors/sabina-tomkins/index.html]
[blondon.github.io/papers/london-nips13ws.pdf]
[blondon.github.io/papers/london-arxiv13b.pdf]
[blondon.github.io/papers/bach-uai13.pdf]
[blondon.github.io/papers/london-arxiv13a.pdf]
[blondon.github.io/papers/huang-slg13.pdf]
[blondon.github.io/authors/steve-isley/index.html]
[blondon.github.io/papers/london-icml13.pdf]
[blondon.github.io/authors/alexander-schwing/index.html]
[blondon.github.io/papers/london-book13.pdf]
[blondon.github.io/authors/jay-pujara/index.html]
[blondon.github.io/papers/london-cvpr13.pdf]
[blondon.github.io/publication/index.html]
[blondon.github.io/publication/london-causalml-18/index.html]
[blondon.github.io/authors/william-cohen/index.html]
[blondon.github.io/authors/galileo-mark-namata/index.html]
[blondon.github.io/authors/benjamin-taskar/index.html]
[blondon.github.io/publication/tomkins-recsys-18/index.html]
[blondon.github.io/authors/theodoros-rekatsinas/index.html]
[blondon.github.io/authors/sameh-khamis/index.html]
[blondon.github.io/publication/london-optml-16/index.html]
[blondon.github.io/publication/london-optopt-16/index.html]
[blondon.github.io/publication/london-wat-16/index.html]
[blondon.github.io/publication/pujara-uai-15/index.html]
[blondon.github.io/publication/namata-tkdd-15/index.html]
[blondon.github.io/publication/london-thesis-15/index.html]
[blondon.github.io/publication/pujara-starai-15/index.html]
[blondon.github.io/publication/london-icml-15/index.html]
[blondon.github.io/publication/london-nips-14-ws/index.html]
[blondon.github.io/publication/london-aistats-14/index.html]
[blondon.github.io/publication/london-sptli-13/index.html]
[blondon.github.io/publication/london-book-13/index.html]
[blondon.github.io/publication/london-icml-13/index.html]
[blondon.github.io/publication/huang-slg-13/index.html]
[blondon.github.io/publication/london-arxiv-13-a/index.html]
[blondon.github.io/publication/bach-uai-13/index.html]
[blondon.github.io/publication/london-arxiv-13-b/index.html]
[blondon.github.io/publication/london-nips-13-ws/index.html]
[blondon.github.io/publication/london-nips-12-asalsn/index.html]
[blondon.github.io/publication/london-nips-12-spectral/index.html]
[blondon.github.io/publication/namata-mlg-12-wkshp/index.html]
[blondon.github.io/publication/pujara-icmlws-11/index.html]
[blondon.github.io/authors/larry-davis/index.html]
[blondon.github.io/tags/pac-bayes/index.xml]
[blondon.github.io/tags/pac-bayes/index.html]
[blondon.github.io/tags/generalization-bounds/index.xml]
[blondon.github.io/tags/generalization-bounds/index.html]
[blondon.github.io/tags/learning-theory/index.xml]
[blondon.github.io/tags/learning-theory/index.html]
[blondon.github.io/tags/structured-prediction/index.xml]
[blondon.github.io/tags/structured-prediction/index.html]
[blondon.github.io/authors/sabina-tomkins/index.xml]
[blondon.github.io/authors/sabina-tomkins/index.html]
[blondon.github.io/authors/steve-isley/index.xml]
[blondon.github.io/authors/steve-isley/index.html]
[blondon.github.io/authors/alexander-schwing/index.xml]
[blondon.github.io/authors/alexander-schwing/index.html]
[blondon.github.io/authors/jay-pujara/index.xml]
[blondon.github.io/authors/jay-pujara/index.html]
[blondon.github.io/authors/william-cohen/index.xml]
[blondon.github.io/authors/william-cohen/index.html]
[blondon.github.io/authors/galileo-mark-namata/index.xml]
[blondon.github.io/authors/galileo-mark-namata/index.html]
[blondon.github.io/authors/benjamin-taskar/index.xml]
[blondon.github.io/authors/benjamin-taskar/index.html]
[blondon.github.io/authors/theodoros-rekatsinas/index.xml]
[blondon.github.io/authors/theodoros-rekatsinas/index.html]
[blondon.github.io/authors/sameh-khamis/index.xml]
[blondon.github.io/authors/sameh-khamis/index.html]
[blondon.github.io/authors/larry-davis/index.xml]
[blondon.github.io/authors/larry-davis/index.html]
[cdnjs.cloudflare.com/ajax/libs/academicons/1.8.6/css/academicons.min.css]
[cdnjs.cloudflare.com/ajax/libs/academicons/1.8.6/fonts/academicons7538.svg]
[blondon.github.io/images/icon_hu0b7a4cb9992c9ac0e91bd28ffd38dd00_9727_32x32_fill_lanczos_center_2.png]
[cdnjs.cloudflare.com/ajax/libs/lazysizes/5.1.2/lazysizes.min.js]
[blondon.github.io/images/icon_hu0b7a4cb9992c9ac0e91bd28ffd38dd00_9727_192x192_fill_lanczos_center_2.png]
[cdnjs.cloudflare.com/ajax/libs/font-awesome/5.11.2/webfonts/fa-brands-400.svg]
[cdnjs.cloudflare.com/ajax/libs/font-awesome/5.11.2/webfonts/fa-regular-400.svg]
[blondon.github.io/authors/admin/avatar_hu84e8b1f10baa28da1ba6df602e2eed29_647142_250x250_fill_q90_lanczos_center.jpg]
[cdnjs.cloudflare.com/ajax/libs/font-awesome/5.11.2/webfonts/fa-solid-900.svg]
[cdnjs.cloudflare.com/ajax/libs/font-awesome/5.11.2/css/all.min.css]
[blondon.github.io/files/ben_london_cv.pdf]
[blondon.github.io/papers/london-icml19.pdf]
[blondon.github.io/papers/london-jmlr16.pdf]
[cdnjs.cloudflare.com/ajax/libs/fancybox/3.5.7/jquery.fancybox.min.css]
[blondon.github.io/papers/meshi-jmlr19.pdf]
[blondon.github.io/papers/london-nips17.pdf]
[cdnjs.cloudflare.com/ajax/libs/highlight.js/9.15.10/styles/github.min.css]
[cdnjs.cloudflare.com/ajax/libs/jquery/3.4.1/jquery.min.js]
[cdnjs.cloudflare.com/ajax/libs/jquery.imagesloaded/4.1.4/imagesloaded.pkgd.min.js]
[cdnjs.cloudflare.com/ajax/libs/highlight.js/9.15.10/styles/dracula.min.css]
[cdnjs.cloudflare.com/ajax/libs/jquery.isotope/3.0.6/isotope.pkgd.min.js]
[cdnjs.cloudflare.com/ajax/libs/fancybox/3.5.7/jquery.fancybox.min.js]
[cdnjs.cloudflare.com/ajax/libs/highlight.js/9.15.10/highlight.min.js]
[cdnjs.cloudflare.com/ajax/libs/highlight.js/9.15.10/languages/r.min.js]
[cdnjs.cloudflare.com/ajax/libs/leaflet/1.5.1/leaflet.js]
[cdnjs.cloudflare.com/ajax/libs/fuse.js/3.2.1/fuse.min.js]
[cdnjs.cloudflare.com/ajax/libs/leaflet/1.5.1/images/layers.png]
[cdnjs.cloudflare.com/ajax/libs/leaflet/1.5.1/images/layers-2x.png]
[cdnjs.cloudflare.com/ajax/libs/mark.js/8.11.1/jquery.mark.min.js]
[cdnjs.cloudflare.com/ajax/libs/leaflet/1.5.1/images/marker-icon.png]
[cdnjs.cloudflare.com/ajax/libs/leaflet/1.5.1/leaflet.css]
[blondon.github.io/css/academic.css]
[blondon.github.io/post/neurips_2020/index.html]
[blondon.github.io/publication/meshi-jmlr-19/index.html]
[blondon.github.io/papers/tomkins-recsys18.pdf]
[blondon.github.io/papers/london-wat16.pdf]
[blondon.github.io/publication/london-nips-17/index.html]
[blondon.github.io/papers/london-optopt16.pdf]
[blondon.github.io/publication/london-jmlr-16/index.html]
[blondon.github.io/papers/london-optml16.pdf]
[blondon.github.io/papers/london-icml15.pdf]
[blondon.github.io/papers/namata-tkdd15.pdf]
[blondon.github.io/publication/index.html]
[blondon.github.io/papers/pujara-uai15.pdf]
[blondon.github.io/publication/london-causalml-18/index.html]
[blondon.github.io/papers/london-aistats14.pdf]
[blondon.github.io/papers/london-nips14ws.pdf]
[blondon.github.io/tags/pac-bayes/index.html]
[blondon.github.io/papers/london-nips13ws.pdf]
[blondon.github.io/authors/sabina-tomkins/index.html]
[blondon.github.io/papers/london-arxiv13b.pdf]
[blondon.github.io/papers/bach-uai13.pdf]
[blondon.github.io/authors/jay-pujara/index.html]
[blondon.github.io/papers/london-arxiv13a.pdf]
[blondon.github.io/papers/huang-slg13.pdf]
[blondon.github.io/authors/benjamin-taskar/index.html]
[blondon.github.io/papers/london-icml13.pdf]
[blondon.github.io/authors/theodoros-rekatsinas/index.html]
[blondon.github.io/papers/london-cvpr13.pdf]
[cdnjs.cloudflare.com/ajax/libs/academicons/1.8.6/fonts/academicons7538.svg]
[cdnjs.cloudflare.com/ajax/libs/font-awesome/5.11.2/webfonts/fa-brands-400.svg]
[cdnjs.cloudflare.com/ajax/libs/font-awesome/5.11.2/webfonts/fa-regular-400.svg]
[cdnjs.cloudflare.com/ajax/libs/font-awesome/5.11.2/webfonts/fa-solid-900.svg]
